// Jest Snapshot v1, https://goo.gl/fbAQLP

exports[`The Limit Reached Component shall render 1`] = `
<div>
  <div
    class="flex flex-col items-center justify-center min-h-screen bg-gray-100 p-4"
  >
    <div
      class="bg-white rounded-lg shadow-lg p-8 max-w-md text-center"
    >
      <svg
        class="w-16 h-16 text-red-500 mx-auto mb-4"
        fill="none"
        stroke="currentColor"
        viewBox="0 0 24 24"
        xmlns="http://www.w3.org/2000/svg"
      >
        <path
          d="M12 8v4m0 4h.01M21 12a9 9 0 11-18 0 9 9 0 0118 0z"
          stroke-linecap="round"
          stroke-linejoin="round"
          stroke-width="2"
        />
      </svg>
      <h2
        class="text-2xl font-bold mb-2 text-gray-800"
      >
        Limit Reached
      </h2>
      <p
        class="text-gray-600 mb-6"
      >
        You've reached your recipe creation limit.
      </p>
      <button
        class="bg-blue-600 text-white px-4 py-2 rounded-md hover:bg-blue-500 focus:outline-none focus:ring-2 focus:ring-blue-400"
        data-headlessui-state=""
        type="button"
      >
        Go to Home
      </button>
    </div>
  </div>
</div>
`;
